../Core/Src/main.c:91:5:main	8	static
../Core/Src/main.c:192:6:inicializarLCD	8	static
../Core/Src/main.c:197:6:mostrarMensaje	16	static
../Core/Src/main.c:207:6:caso1	32	static
../Core/Src/main.c:234:6:caso2	32	static
../Core/Src/main.c:267:6:caso3	32	static
../Core/Src/main.c:308:6:SystemClock_Config	96	static
../Core/Src/main.c:358:13:MX_I2C1_Init	8	static
../Core/Src/main.c:406:13:MX_USART2_UART_Init	8	static
../Core/Src/main.c:441:13:MX_GPIO_Init	48	static
../Core/Src/main.c:513:6:Error_Handler	4	static,ignoring_inline_asm
