../Core/Src/main.c:91:5:main	8	static
../Core/Src/main.c:191:6:inicializarLCD	8	static
../Core/Src/main.c:196:6:mostrarMensaje	16	static
../Core/Src/main.c:206:6:caso1	32	static
../Core/Src/main.c:233:6:caso2	8	static
../Core/Src/main.c:245:6:caso3	8	static
../Core/Src/main.c:265:6:SystemClock_Config	96	static
../Core/Src/main.c:315:13:MX_I2C1_Init	8	static
../Core/Src/main.c:363:13:MX_USART2_UART_Init	8	static
../Core/Src/main.c:398:13:MX_GPIO_Init	48	static
../Core/Src/main.c:470:6:Error_Handler	4	static,ignoring_inline_asm
